../Core/Src/main.c:162:6:MPU9250_Init	32	static
../Core/Src/main.c:167:6:MPU9250_Read_Accel	56	static
../Core/Src/main.c:191:5:main	72	static
../Core/Src/main.c:279:6:SystemClock_Config	88	static
../Core/Src/main.c:327:13:MX_CAN1_Init	8	static
../Core/Src/main.c:364:13:MX_I2C1_Init	8	static
../Core/Src/main.c:398:13:MX_UART4_Init	8	static
../Core/Src/main.c:431:13:MX_USART2_UART_Init	8	static
../Core/Src/main.c:464:13:MX_GPIO_Init	48	static
../Core/Src/main.c:504:6:Error_Handler	4	static,ignoring_inline_asm
